// Jest Snapshot v1, https://goo.gl/fbAQLP

exports[`renders Whatsapp Product component 1`] = `
<message
  body="Product sent from test"
  catalogId="fake-catalog-id"
  footer="Product footer"
  productId="fake-product-id"
  type="whatsapp-product"
/>
`;
